// Vitest Snapshot v1

exports[`mount AppButton component 1`] = `"<button data-v-b60abf6a=\\"\\" class=\\"button rounded-none transition inline-flex items-center bg-orange-100 text-white hover:bg-orange-90\\" type=\\"button\\"></button>"`;
